---
source: tests/approval.rs
expression: result
---
{
  "data": null,
  "errors": [
    {
      "locations": [
        {
          "column": 11,
          "line": 3
        }
      ],
      "message": "Book with ID {input.book_id} not found",
      "path": [
        "addNote"
      ]
    }
  ]
}
