---
source: tests/approval.rs
expression: result
---
{
  "data": {
    "updateBookStatus": {
      "book": {
        "id": 2,
        "status": "READ",
        "title": "Gravity's Rainbow"
      },
      "success": true
    }
  }
}
